src/components/ui/accordion.tsx(2,37): error TS2307: Cannot find module '@radix-ui/react-accordion' or its corresponding type declarations.
src/components/ui/alert-dialog.tsx(2,39): error TS2307: Cannot find module '@radix-ui/react-alert-dialog' or its corresponding type declarations.
src/components/ui/aspect-ratio.tsx(1,39): error TS2307: Cannot find module '@radix-ui/react-aspect-ratio' or its corresponding type declarations.
src/components/ui/avatar.tsx(4,34): error TS2307: Cannot find module '@radix-ui/react-avatar' or its corresponding type declarations.
src/components/ui/breadcrumb.tsx(2,22): error TS2307: Cannot find module '@radix-ui/react-slot' or its corresponding type declarations.
src/components/ui/button.tsx(2,22): error TS2307: Cannot find module '@radix-ui/react-slot' or its corresponding type declarations.
src/components/ui/calendar.tsx(5,60): error TS2307: Cannot find module 'react-day-picker' or its corresponding type declarations.
src/components/ui/calendar.tsx(35,31): error TS7006: Parameter 'date' implicitly has an 'any' type.
src/components/ui/calendar.tsx(108,18): error TS7031: Binding element 'className' implicitly has an 'any' type.
src/components/ui/calendar.tsx(108,29): error TS7031: Binding element 'rootRef' implicitly has an 'any' type.
src/components/ui/calendar.tsx(111,21): error TS7031: Binding element 'className' implicitly has an 'any' type.
src/components/ui/calendar.tsx(111,32): error TS7031: Binding element 'orientation' implicitly has an 'any' type.
src/components/ui/calendar.tsx(123,24): error TS7031: Binding element 'children' implicitly has an 'any' type.
src/components/ui/carousel.tsx(2,61): error TS2307: Cannot find module 'embla-carousel-react' or its corresponding type declarations.
src/components/ui/chart.tsx(2,36): error TS2307: Cannot find module 'recharts' or its corresponding type declarations.
src/components/ui/chart.tsx(169,22): error TS7006: Parameter 'item' implicitly has an 'any' type.
src/components/ui/chart.tsx(170,19): error TS7006: Parameter 'item' implicitly has an 'any' type.
src/components/ui/chart.tsx(170,25): error TS7006: Parameter 'index' implicitly has an 'any' type.
src/components/ui/chart.tsx(267,18): error TS7006: Parameter 'item' implicitly has an 'any' type.
src/components/ui/chart.tsx(268,15): error TS7006: Parameter 'item' implicitly has an 'any' type.
src/components/ui/checkbox.tsx(2,36): error TS2307: Cannot find module '@radix-ui/react-checkbox' or its corresponding type declarations.
src/components/ui/collapsible.tsx(3,39): error TS2307: Cannot find module '@radix-ui/react-collapsible' or its corresponding type declarations.
src/components/ui/command.tsx(4,34): error TS2307: Cannot find module '@radix-ui/react-dialog' or its corresponding type declarations.
src/components/ui/command.tsx(5,45): error TS2307: Cannot find module 'cmdk' or its corresponding type declarations.
src/components/ui/context-menu.tsx(2,39): error TS2307: Cannot find module '@radix-ui/react-context-menu' or its corresponding type declarations.
src/components/ui/dialog.tsx(4,34): error TS2307: Cannot find module '@radix-ui/react-dialog' or its corresponding type declarations.
src/components/ui/drawer.tsx(2,43): error TS2307: Cannot find module 'vaul' or its corresponding type declarations.
src/components/ui/dropdown-menu.tsx(4,40): error TS2307: Cannot find module '@radix-ui/react-dropdown-menu' or its corresponding type declarations.
src/components/ui/form.tsx(2,33): error TS2307: Cannot find module '@radix-ui/react-label' or its corresponding type declarations.
src/components/ui/form.tsx(3,22): error TS2307: Cannot find module '@radix-ui/react-slot' or its corresponding type declarations.
src/components/ui/form.tsx(11,8): error TS2307: Cannot find module 'react-hook-form' or its corresponding type declarations.
src/components/ui/hover-card.tsx(2,37): error TS2307: Cannot find module '@radix-ui/react-hover-card' or its corresponding type declarations.
src/components/ui/input-otp.tsx(2,43): error TS2307: Cannot find module 'input-otp' or its corresponding type declarations.
src/components/ui/input-otp.tsx(36,44): error TS18046: 'inputOTPContext' is of type 'unknown'.
src/components/ui/label.tsx(4,33): error TS2307: Cannot find module '@radix-ui/react-label' or its corresponding type declarations.
src/components/ui/menubar.tsx(2,35): error TS2307: Cannot find module '@radix-ui/react-menubar' or its corresponding type declarations.
src/components/ui/navigation-menu.tsx(2,42): error TS2307: Cannot find module '@radix-ui/react-navigation-menu' or its corresponding type declarations.
src/components/ui/popover.tsx(2,35): error TS2307: Cannot find module '@radix-ui/react-popover' or its corresponding type declarations.
src/components/ui/progress.tsx(4,36): error TS2307: Cannot find module '@radix-ui/react-progress' or its corresponding type declarations.
src/components/ui/radio-group.tsx(2,38): error TS2307: Cannot find module '@radix-ui/react-radio-group' or its corresponding type declarations.
src/components/ui/resizable.tsx(2,41): error TS2307: Cannot find module 'react-resizable-panels' or its corresponding type declarations.
src/components/ui/scroll-area.tsx(2,38): error TS2307: Cannot find module '@radix-ui/react-scroll-area' or its corresponding type declarations.
src/components/ui/select.tsx(4,34): error TS2307: Cannot find module '@radix-ui/react-select' or its corresponding type declarations.
src/components/ui/separator.tsx(2,37): error TS2307: Cannot find module '@radix-ui/react-separator' or its corresponding type declarations.
src/components/ui/sheet.tsx(4,33): error TS2307: Cannot find module '@radix-ui/react-dialog' or its corresponding type declarations.
src/components/ui/sheet.tsx(60,22): error TS2339: Property 'className' does not exist on type 'SheetContentProps'.
src/components/ui/sheet.tsx(60,33): error TS2339: Property 'children' does not exist on type 'SheetContentProps'.
src/components/ui/sidebar.tsx(2,22): error TS2307: Cannot find module '@radix-ui/react-slot' or its corresponding type declarations.
src/components/ui/sidebar.tsx(192,12): error TS2322: Type '{ children: Element[]; "data-sidebar": string; "data-mobile": string; className: string; style: CSSProperties; side: "left" | "right"; }' is not assignable to type 'IntrinsicAttributes & SheetContentProps & RefAttributes<any>'.
  Property 'children' does not exist on type 'IntrinsicAttributes & SheetContentProps & RefAttributes<any>'.
src/components/ui/slider.tsx(2,34): error TS2307: Cannot find module '@radix-ui/react-slider' or its corresponding type declarations.
src/components/ui/sonner.tsx(1,35): error TS2307: Cannot find module 'sonner' or its corresponding type declarations.
src/components/ui/switch.tsx(2,35): error TS2307: Cannot find module '@radix-ui/react-switch' or its corresponding type declarations.
src/components/ui/tabs.tsx(2,32): error TS2307: Cannot find module '@radix-ui/react-tabs' or its corresponding type declarations.
src/components/ui/toggle-group.tsx(4,39): error TS2307: Cannot find module '@radix-ui/react-toggle-group' or its corresponding type declarations.
src/components/ui/toggle.tsx(2,34): error TS2307: Cannot find module '@radix-ui/react-toggle' or its corresponding type declarations.
src/components/ui/tooltip.tsx(4,35): error TS2307: Cannot find module '@radix-ui/react-tooltip' or its corresponding type declarations.
